{
  "state": "CLOSED",
  "comment": "@timburgan Done. ",
  "reaction": "ROCKET"
}
